=== install_dev_tools.sh start: Wed Sep  3 19:22:00 EEST 2025 ===
Using python: Python 3.13.5
Creating virtualenv at ./.venv
Upgrading pip/setuptools/wheel in ./.venv/bin/python
Requirement already satisfied: pip in ./.venv/lib/python3.13/site-packages (25.1.1)
Collecting pip
  Using cached pip-25.2-py3-none-any.whl.metadata (4.7 kB)
Collecting setuptools
  Using cached setuptools-80.9.0-py3-none-any.whl.metadata (6.6 kB)
Collecting wheel
  Using cached wheel-0.45.1-py3-none-any.whl.metadata (2.3 kB)
Using cached pip-25.2-py3-none-any.whl (1.8 MB)
Using cached setuptools-80.9.0-py3-none-any.whl (1.2 MB)
Using cached wheel-0.45.1-py3-none-any.whl (72 kB)
Installing collected packages: wheel, setuptools, pip
  Attempting uninstall: pip
    Found existing installation: pip 25.1.1
    Uninstalling pip-25.1.1:
      Successfully uninstalled pip-25.1.1

Successfully installed pip-25.2 setuptools-80.9.0 wheel-0.45.1
Ensuring required Python packages are installed in the venv
Installing torch
Collecting torch
  Using cached torch-2.8.0-cp313-none-macosx_11_0_arm64.whl.metadata (30 kB)
Collecting filelock (from torch)
  Using cached filelock-3.19.1-py3-none-any.whl.metadata (2.1 kB)
Collecting typing-extensions>=4.10.0 (from torch)
  Using cached typing_extensions-4.15.0-py3-none-any.whl.metadata (3.3 kB)
Requirement already satisfied: setuptools in ./.venv/lib/python3.13/site-packages (from torch) (80.9.0)
Collecting sympy>=1.13.3 (from torch)
  Using cached sympy-1.14.0-py3-none-any.whl.metadata (12 kB)
Collecting networkx (from torch)
  Using cached networkx-3.5-py3-none-any.whl.metadata (6.3 kB)
Collecting jinja2 (from torch)
  Using cached jinja2-3.1.6-py3-none-any.whl.metadata (2.9 kB)
Collecting fsspec (from torch)
  Using cached fsspec-2025.9.0-py3-none-any.whl.metadata (10 kB)
Collecting mpmath<1.4,>=1.1.0 (from sympy>=1.13.3->torch)
  Using cached mpmath-1.3.0-py3-none-any.whl.metadata (8.6 kB)
Collecting MarkupSafe>=2.0 (from jinja2->torch)
  Using cached MarkupSafe-3.0.2-cp313-cp313-macosx_11_0_arm64.whl.metadata (4.0 kB)
Using cached torch-2.8.0-cp313-none-macosx_11_0_arm64.whl (73.6 MB)
Using cached sympy-1.14.0-py3-none-any.whl (6.3 MB)
Using cached mpmath-1.3.0-py3-none-any.whl (536 kB)
Using cached typing_extensions-4.15.0-py3-none-any.whl (44 kB)
Using cached filelock-3.19.1-py3-none-any.whl (15 kB)
Using cached fsspec-2025.9.0-py3-none-any.whl (199 kB)
Using cached jinja2-3.1.6-py3-none-any.whl (134 kB)
Using cached MarkupSafe-3.0.2-cp313-cp313-macosx_11_0_arm64.whl (12 kB)
Using cached networkx-3.5-py3-none-any.whl (2.0 MB)
Installing collected packages: mpmath, typing-extensions, sympy, networkx, MarkupSafe, fsspec, filelock, jinja2, torch

Successfully installed MarkupSafe-3.0.2 filelock-3.19.1 fsspec-2025.9.0 jinja2-3.1.6 mpmath-1.3.0 networkx-3.5 sympy-1.14.0 torch-2.8.0 typing-extensions-4.15.0
Installing torchvision
Collecting torchvision
  Using cached torchvision-0.23.0-cp313-cp313-macosx_11_0_arm64.whl.metadata (6.1 kB)
Collecting numpy (from torchvision)
  Using cached numpy-2.3.2-cp313-cp313-macosx_14_0_arm64.whl.metadata (62 kB)
Requirement already satisfied: torch==2.8.0 in ./.venv/lib/python3.13/site-packages (from torchvision) (2.8.0)
Collecting pillow!=8.3.*,>=5.3.0 (from torchvision)
  Using cached pillow-11.3.0-cp313-cp313-macosx_11_0_arm64.whl.metadata (9.0 kB)
Requirement already satisfied: filelock in ./.venv/lib/python3.13/site-packages (from torch==2.8.0->torchvision) (3.19.1)
Requirement already satisfied: typing-extensions>=4.10.0 in ./.venv/lib/python3.13/site-packages (from torch==2.8.0->torchvision) (4.15.0)
Requirement already satisfied: setuptools in ./.venv/lib/python3.13/site-packages (from torch==2.8.0->torchvision) (80.9.0)
Requirement already satisfied: sympy>=1.13.3 in ./.venv/lib/python3.13/site-packages (from torch==2.8.0->torchvision) (1.14.0)
Requirement already satisfied: networkx in ./.venv/lib/python3.13/site-packages (from torch==2.8.0->torchvision) (3.5)
Requirement already satisfied: jinja2 in ./.venv/lib/python3.13/site-packages (from torch==2.8.0->torchvision) (3.1.6)
Requirement already satisfied: fsspec in ./.venv/lib/python3.13/site-packages (from torch==2.8.0->torchvision) (2025.9.0)
Requirement already satisfied: mpmath<1.4,>=1.1.0 in ./.venv/lib/python3.13/site-packages (from sympy>=1.13.3->torch==2.8.0->torchvision) (1.3.0)
Requirement already satisfied: MarkupSafe>=2.0 in ./.venv/lib/python3.13/site-packages (from jinja2->torch==2.8.0->torchvision) (3.0.2)
Using cached torchvision-0.23.0-cp313-cp313-macosx_11_0_arm64.whl (1.9 MB)
Using cached pillow-11.3.0-cp313-cp313-macosx_11_0_arm64.whl (4.7 MB)
Using cached numpy-2.3.2-cp313-cp313-macosx_14_0_arm64.whl (5.1 MB)
Installing collected packages: pillow, numpy, torchvision

Successfully installed numpy-2.3.2 pillow-11.3.0 torchvision-0.23.0
Installing pillow
Requirement already satisfied: pillow in ./.venv/lib/python3.13/site-packages (11.3.0)
Installing django
Collecting django
  Using cached django-5.2.6-py3-none-any.whl.metadata (4.1 kB)
Collecting asgiref>=3.8.1 (from django)
  Using cached asgiref-3.9.1-py3-none-any.whl.metadata (9.3 kB)
Collecting sqlparse>=0.3.1 (from django)
  Using cached sqlparse-0.5.3-py3-none-any.whl.metadata (3.9 kB)
Using cached django-5.2.6-py3-none-any.whl (8.3 MB)
Using cached asgiref-3.9.1-py3-none-any.whl (23 kB)
Using cached sqlparse-0.5.3-py3-none-any.whl (44 kB)
Installing collected packages: sqlparse, asgiref, django

Successfully installed asgiref-3.9.1 django-5.2.6 sqlparse-0.5.3
Installing matplotlib
Collecting matplotlib
  Using cached matplotlib-3.10.6-cp313-cp313-macosx_11_0_arm64.whl.metadata (11 kB)
Collecting contourpy>=1.0.1 (from matplotlib)
  Using cached contourpy-1.3.3-cp313-cp313-macosx_11_0_arm64.whl.metadata (5.5 kB)
Collecting cycler>=0.10 (from matplotlib)
  Using cached cycler-0.12.1-py3-none-any.whl.metadata (3.8 kB)
Collecting fonttools>=4.22.0 (from matplotlib)
  Using cached fonttools-4.59.2-cp313-cp313-macosx_10_13_universal2.whl.metadata (109 kB)
Collecting kiwisolver>=1.3.1 (from matplotlib)
  Using cached kiwisolver-1.4.9-cp313-cp313-macosx_11_0_arm64.whl.metadata (6.3 kB)
Requirement already satisfied: numpy>=1.23 in ./.venv/lib/python3.13/site-packages (from matplotlib) (2.3.2)
Collecting packaging>=20.0 (from matplotlib)
  Using cached packaging-25.0-py3-none-any.whl.metadata (3.3 kB)
Requirement already satisfied: pillow>=8 in ./.venv/lib/python3.13/site-packages (from matplotlib) (11.3.0)
Collecting pyparsing>=2.3.1 (from matplotlib)
  Using cached pyparsing-3.2.3-py3-none-any.whl.metadata (5.0 kB)
Collecting python-dateutil>=2.7 (from matplotlib)
  Using cached python_dateutil-2.9.0.post0-py2.py3-none-any.whl.metadata (8.4 kB)
Collecting six>=1.5 (from python-dateutil>=2.7->matplotlib)
  Using cached six-1.17.0-py2.py3-none-any.whl.metadata (1.7 kB)
Using cached matplotlib-3.10.6-cp313-cp313-macosx_11_0_arm64.whl (8.1 MB)
Using cached contourpy-1.3.3-cp313-cp313-macosx_11_0_arm64.whl (274 kB)
Using cached cycler-0.12.1-py3-none-any.whl (8.3 kB)
Using cached fonttools-4.59.2-cp313-cp313-macosx_10_13_universal2.whl (2.8 MB)
Using cached kiwisolver-1.4.9-cp313-cp313-macosx_11_0_arm64.whl (64 kB)
Using cached packaging-25.0-py3-none-any.whl (66 kB)
Using cached pyparsing-3.2.3-py3-none-any.whl (111 kB)
Using cached python_dateutil-2.9.0.post0-py2.py3-none-any.whl (229 kB)
Using cached six-1.17.0-py2.py3-none-any.whl (11 kB)
Installing collected packages: six, pyparsing, packaging, kiwisolver, fonttools, cycler, contourpy, python-dateutil, matplotlib

Successfully installed contourpy-1.3.3 cycler-0.12.1 fonttools-4.59.2 kiwisolver-1.4.9 matplotlib-3.10.6 packaging-25.0 pyparsing-3.2.3 python-dateutil-2.9.0.post0 six-1.17.0
Checking Docker / Docker Compose presence
docker: Docker version 28.0.1, build 068a01e
Summary of versions:
Python 3.13.5
pip 25.2 from /Users/renerroll/Desktop/GOIT/MLops/homeworks/MLops/.venv/lib/python3.13/site-packages/pip (python 3.13)
=== install_dev_tools.sh end: Wed Sep  3 19:22:17 EEST 2025 ===


end
